Good job!: "qwertyuiop"
Good job!: "aaaaaaaaaaaaaaaaaaaaaaaaaaaaaaaaaaaaaaaaaaaaaaaa"
Good job!: "computational philogy"
Good job!: "New York Times square root of a potato"
Good job!: "unicode π δ λ 漢字 हिन्दी"
Good job!: "neural network convergence proof"
Good job!: "the"
Good job!: "computer computer computer computer computer"
Good job!: "statistical physics banana"
Good job!: "genome sequencing CRISPR Cas9"
Good job!: "ancient Greek philosophy metaphysics"
Good job!: "random non-existent term xyz123"
Good job!: "supercalifragilisticexpialidocious"
Good job!: "fictitious chemical compound xyzium"
Good job!: "verylongquerywithoutspacesandmeaning"
Good job!: "extremely rare historical events"
Good job!: "mis-typed search engine input"
Good job!: "long string of numbers 12345678901234567890"
Good job!: "concatenated keywords without separators"
Good job!: "obscure linguistic terminology"
Good job!: "complex multi-word nonsense query"
Good job!: "rare programming language syntax"
Good job!: "alien language symbols 𒀀𒁀𒂀"
Good job!: "random unicode characters 🌀✨🚀"
Good job!: "unlikely phrase combination blue elephant piano"
