Good job!: "machine learning"
Good job!: "climate change policy"
Good job!: "economic growth"
Good job!: "artificial intelligence ethics"
Good job!: "computer graphics algorithms"
Good job!: "parallel processing techniques"
Good job!: "world war history"
Good job!: "protein structure prediction"
Good job!: "search engine optimization"
Good job!: "deep learning applications"
Good job!: "statistics data visualization"
Good job!: "software engineering principles"
Good job!: "human-computer interaction"
Good job!: "network security basics"
Good job!: "natural language processing"
Good job!: "quantum computing introduction"
Good job!: "robotics control systems"
Good job!: "database normalization"
Good job!: "image processing techniques"
Good job!: "bioinformatics algorithms"
Good job!: "educational technology tools"
Good job!: "cryptography methods"
Good job!: "cloud computing services"
Good job!: "computer architecture design"
Good job!: "programming languages comparison"
