[nltk_data] Downloading package punkt to /home/ntandre1/nltk_data...
[nltk_data]   Package punkt is already up-to-date!
[nltk_data] Downloading package punkt_tab to
[nltk_data]     /home/ntandre1/nltk_data...
[nltk_data]   Package punkt_tab is already up-to-date!
Good job!: "Python unit testing"
Good job!: "SEO search engine optimization"
Good job!: "machine learning deep learning"
Good job!: "JavaScript IDE development"
Good job!: "Kubernetes cluster setup"
Good job!: "Rust C++"
Good job!: "binary search tree Java"
Good job!: "SQL query optimization large"
Good job!: "remote work productivity"
Good job!: "Express.js API secure"
Good job!: "Python data science libraries"
Good job!: "CSS responsive design Grid"
Good job!: "JWT OAuth2"
Good job!: "Python Monte Carlo simulation"
Good job!: "Linux server monitoring"
Good job!: "distributed systems latency"
Good job!: "Docker Compose"
Good job!: "Python memoization"
Good job!: "Django deployment pitfalls"
Good job!: "Python mmap large files"
Good job!: "VSCode web development extensions"
Good job!: "clean code maintainable"
Good job!: "A/B testing website"
Good job!: "Kubernetes resources free"
Good job!: "cosine similarity vectors"
