[nltk_data] Downloading package punkt to /home/ntandre1/nltk_data...
[nltk_data]   Package punkt is already up-to-date!
[nltk_data] Downloading package punkt_tab to
[nltk_data]     /home/ntandre1/nltk_data...
[nltk_data]   Package punkt_tab is already up-to-date!
Good job!: "artificial neural networks"
Good job!: "big data analytics"
Good job!: "climate change mitigation"
Good job!: "quantum mechanics experiments"
Good job!: "graph theory algorithms"
Good job!: "cryptography and security"
Good job!: "human-computer interaction research"
Good job!: "bioinformatics sequence analysis"
Good job!: "natural language understanding"
Good job!: "parallel computing frameworks"
Good job!: "exoplanet discovery telescope"
Good job!: "ancient Egyptian hieroglyphs"
Good job!: "machine translation evaluation"
Good job!: "statistical regression models"
Good job!: "deep reinforcement learning"
Good job!: "data visualization techniques"
Good job!: "random gibberish qwertyuiopasdf"
Good job!: "unicode characters π λ θ 𒀀"
Good job!: "long concatenated technical terms neuralnetworkoptimizationalgorithm"
Good job!: "nonexistent term xyz123abc456"
