2025-12-05 01:10:58,336 [INFO] indexer.PageRank: Initializing PageRank...
2025-12-05 01:10:58,336 [INFO] indexer.PageRank: Loading URL mappings from index...
2025-12-05 01:10:58,379 [INFO] indexer.PageRank: Loaded 29572 URL mappings
2025-12-05 01:10:58,566 [INFO] indexer.PageRank: PageRank initialized
2025-12-05 01:10:58,566 [INFO] indexer.PageRank: Running PageRank pipeline...
2025-12-05 01:10:58,566 [INFO] indexer.PageRank: Building link graph...
2025-12-05 01:10:58,568 [INFO] indexer.PageRank: Processing file 0/55393...
2025-12-05 01:12:21,448 [INFO] indexer.PageRank: Processing file 5000/55393...
2025-12-05 01:12:31,284 [WARNING] indexer.PageRank: Failed to extract links from https://grape.ics.uci.edu/wiki/public/wiki/cs122b-2018-spring-project3?version=11: 'YOUR_IP' does not appear to be an IPv4 or IPv6 address
2025-12-05 01:12:39,249 [INFO] indexer.PageRank: Processing file 10000/55393...
2025-12-05 01:12:57,159 [INFO] indexer.PageRank: Processing file 15000/55393...
/home/ntandre1/4-2025-fall/cs121/assignments/cs121-search-engine/indexer/PageRank.py:184: XMLParsedAsHTMLWarning: It looks like you're using an HTML parser to parse an XML document.

Assuming this really is an XML document, what you're doing might work, but you should know that using an XML parser will be more reliable. To parse this document as XML, make sure you have the Python package 'lxml' installed, and pass the keyword argument `features="xml"` into the BeautifulSoup constructor.

If you want or need to use an HTML parser on this document, you can make this warning go away by filtering it. To do that, run this code before calling the BeautifulSoup constructor:

    from bs4 import XMLParsedAsHTMLWarning
    import warnings

    warnings.filterwarnings("ignore", category=XMLParsedAsHTMLWarning)

  soup = BeautifulSoup(html_content, 'html.parser')
2025-12-05 01:13:44,752 [INFO] indexer.PageRank: Processing file 20000/55393...
2025-12-05 01:14:17,181 [INFO] indexer.PageRank: Processing file 25000/55393...
2025-12-05 01:14:41,688 [INFO] indexer.PageRank: Processing file 30000/55393...
2025-12-05 01:15:02,606 [INFO] indexer.PageRank: Processing file 35000/55393...
2025-12-05 01:15:26,472 [INFO] indexer.PageRank: Processing file 40000/55393...
2025-12-05 01:15:47,354 [INFO] indexer.PageRank: Processing file 45000/55393...
2025-12-05 01:16:06,987 [INFO] indexer.PageRank: Processing file 50000/55393...
2025-12-05 01:16:58,152 [INFO] indexer.PageRank: Processing file 55000/55393...
2025-12-05 01:17:06,660 [INFO] indexer.PageRank: Graph built: 29397 nodes, 250361 edges
2025-12-05 01:17:06,729 [INFO] indexer.PageRank: Link graph saved to index/link_graph.pkl
2025-12-05 01:17:06,731 [INFO] indexer.PageRank: Computing PageRank (damping=0.85, max_iter=100)...
2025-12-05 01:17:10,590 [INFO] indexer.PageRank: PageRank converged after 42 iterations
2025-12-05 01:17:10,610 [INFO] indexer.PageRank: PageRank scores saved to index/pagerank.pkl
2025-12-05 01:17:10,610 [INFO] indexer.PageRank: PageRank pipeline complete
2025-12-05 01:17:10,611 [INFO] __main__: PageRank computation time: 0h 6m 12.04s
